 
Searching for somobj.idl...  

The volume label in drive C is ARCAOS.
The Volume Serial Number is 63AF:E5BE.

Directory of C:\os2tk45\som\include

 7-01-99 12:15a        17,755      0 a---  somobj.idl
        1 file(s)      17,755 bytes used
Total files listed:
        1 file(s)        17,755 bytes used
                   31,796,342 K bytes free
Searching for sombacls.idl...  

The volume label in drive C is ARCAOS.
The Volume Serial Number is 63AF:E5BE.

Directory of C:\os2tk45\som\include

 7-01-99 12:15a         1,371      0 a---  sombacls.idl
        1 file(s)       1,371 bytes used
Total files listed:
        1 file(s)         1,371 bytes used
                   31,796,342 K bytes free
Searching for somcls.idl...  

The volume label in drive C is ARCAOS.
The Volume Serial Number is 63AF:E5BE.

Directory of C:\os2tk45\som\include

 7-01-99 12:15a        24,659      0 a---  somcls.idl
        1 file(s)      24,659 bytes used
Total files listed:
        1 file(s)        24,659 bytes used
                   31,796,342 K bytes free
Done.  
