Open Watcom Make Version 2.0.1
Portions Copyright (c) 1988-2002 Sybase, Inc. All Rights Reserved.
Source code is available under the Sybase Open Watcom Public License.
See http://www.openwatcom.org/ for details.
	wpp386 -bd -bt=os2 -zq -wx -wcd=726 -d1 -Ih -Isrc -IC:\os2tk45\som\include -IC:\os2tk45\h src\srctrans.cpp -fo=release\srctrans.obj
src\srctrans.cpp(108): Warning! W014: col(1) no reference to symbol 'pszRealName'
src\srctrans.cpp(56): Note! N392: col(13) definition: 'char * pszRealName' in 'unsigned long syscall src_wpFormatDragItem( SrcTransient *, _DRAGITEM * )'
	wrc -r -i=src -i=h -i=C:\os2tk45\som\include -i=C:\os2tk45\h src\srctrans.rc
Open Watcom Windows and OS/2 Resource Compiler Version 2.0.1
Portions Copyright (c) 1993-2002 Sybase, Inc. All Rights Reserved.
Source code is available under the Sybase Open Watcom Public License.
See http://www.openwatcom.org/ for details.
	copy src\srctrans.res release
        1 file(s) copied.
	del src\srctrans.res
	wlib -n -b -q release\som.lib +C:\OS2\DLL\som.dll
	wlib -n -b -q release\pmwp.lib +C:\OS2\DLL\pmwp.dll
	wlink SYSTEM OS2V2_DLL NAME release\srctrans.dll OP MAP=release\srctrans.map @src\srctrans.def LIBF release\som.lib,release\pmwp.lib EXP SrcTransientNewClass EXP M_SrcTransientNewClass EXP SrcTransientClassData EXP SrcTransientCClassData EXP M_SrcTransientClassData EXP M_SrcTransientCClassData FIL release\srctrans.obj
** EXPERIMENTAL (HLL) ** Open Watcom Linker Version 2.0.1
Portions Copyright (c) 1985-2002 Sybase, Inc. All Rights Reserved.
Source code is available under the Sybase Open Watcom Public License.
See http://www.openwatcom.org/ for details.
loading object files
searching libraries
creating map file
creating an OS/2 32-bit dynamic link library
	wrc release\srctrans.res release\srctrans.dll
Open Watcom Windows and OS/2 Resource Compiler Version 2.0.1
Portions Copyright (c) 1993-2002 Sybase, Inc. All Rights Reserved.
Source code is available under the Sybase Open Watcom Public License.
See http://www.openwatcom.org/ for details.
